Microchip MPLAB XC8 Compiler V3.10

Linker command line:

-W-3 \
  --edf=C:\Program Files\Microchip\xc8\v3.10\pic\dat\20250813170317_en.msgs \
  -cn -h+dist/default/production\ECU_01.X.production.sym \
  --cmf=dist/default/production\ECU_01.X.production.cmf -z -Q18F4580 \
  -oC:\Users\OMKARS~1\AppData\Local\Temp\xcAsayo.0\driver_tmp_3.o \
  --defsym=__MPLAB_BUILD=1 --fixupoverflow=error \
  -Mdist/default/production/ECU_01.X.production.map \
  --md=C:\Users\OMKARS~1\AppData\Local\Temp\xcAsayo.0\driver_tmp_0.dat -E1 \
  -ver=XC8 Compiler -ACODE=00h-03000h -ACONST=00h-03000h \
  -ASMALLCONST=0600h-06FFhx42,03000h-03000h -AMEDIUMCONST=0600h-03000h \
  -ACOMRAM=01h-05Fh -AABS1=00h-05FFh -ABIGRAM=01h-05FFh \
  -ARAM=060h-0FFh,0100h-01FFhx5 -ABANK0=060h-0FFh -ABANK1=0100h-01FFh \
  -ABANK2=0200h-02FFh -ABANK3=0300h-03FFh -ABANK4=0400h-04FFh \
  -ABANK5=0500h-05FFh -ASFR=0D00h-0DFFhx2,0F00h-0F5Fh,0F60h-0FFFh \
  -ABIGSFR=0D00h-0FFFh -ACONFIG=0300000h-030000Dh -AIDLOC=0200000h-0200007h \
  -AEEDATA=0F00000h-0F000FFh -peeprom_data=EEDATA \
  -preset_vec=00h,intcode=8h,intcodelo=18h,sivt_lo,sivt_hi=CODE \
  -ppowerup=CODE,init -pramtop=0600h -psmallconst=SMALLCONST \
  -pmediumconst=MEDIUMCONST -pconst=CONST -AFARRAM=00h-00h \
  -prdata=COMRAM,nvrram=COMRAM,nvbit=COMRAM,rbss=COMRAM,rbit=COMRAM \
  -pfarbss=FARRAM,fardata=FARRAM,nvFARRAM=FARRAM \
  -pintsave_regs=BIGRAM,bigbss=BIGRAM,bigdata=BIGRAM -pbss=RAM \
  -pidata=CODE,irdata=CODE,ibigdata=CODE,ifardata=CODE -prparam=COMRAM \
  C:\Users\OMKARS~1\AppData\Local\Temp\xcAsayo.0\driver_tmp_9.o \
  dist/default/production\ECU_01.X.production.o 

Object code version is 3.11

Machine type is 18F4580



                Name                               Link     Load   Length Selector   Space Scale
C:\Users\OMKARS~1\AppData\Local\Temp\xcAsayo.0\driver_tmp_9.o
                idloc                            200000   200000        8        0       5
                config                           300000   300000        E        0       4
                init                               2FFC     2FFC        4     17FE       0
                reset_vec                             0        0        4        0       0
dist/default/production\ECU_01.X.production.o
                idloc                            200000   200000        8        0       5
                config                           300000   300000        E        0       4
                mediumconst                        2FE8     2FE8       14     17F4       0
                text17                             244A     244A       3A     1225       0
                text16                             2594     2594       6C     12CA       0
                text15                             289A     289A      106     144D       0
                text14                             252E     252E       66     1297       0
                text13                             2718     2718       B2     138C       0
                text12                             2C5A     2C5A      38E     162D       0
                text11                             29A0     29A0      106     14D0       0
                text10                             2600     2600       72     1300       0
                text9                              24CA     24CA       64     1265       0
                text8                              2AA6     2AA6      1B4     1553       0
                text7                              238E     238E       18     11C7       0
                text6                              2484     2484       46     1242       0
                text5                              27CA     27CA       D0     13E5       0
                text4                              23A6     23A6       1C     11D3       0
                text3                              2672     2672       A6     1339       0
                text2                              2374     2374        C     11BA       0
                text1                              2380     2380        E     11C0       0
                text0                              23E0     23E0       34     11F0       0
                cstackCOMRAM                          1        1       31        1       1
                dataCOMRAM                           32       32       1D        1       1
                bssCOMRAM                            4F       4F        D        1       1
                cinit                              2414     2414       36     120A       0
                idataCOMRAM                        23C3     23C3       1D     23C3       0

TOTAL           Name                               Link     Load   Length     Space
        CLASS   CODE           
                init                               2FFC     2FFC        4         0
                reset_vec                             0        0        4         0
                text17                             244A     244A       3A         0
                text16                             2594     2594       6C         0
                text15                             289A     289A      106         0
                text14                             252E     252E       66         0
                text13                             2718     2718       B2         0
                text12                             2C5A     2C5A      38E         0
                text11                             29A0     29A0      106         0
                text10                             2600     2600       72         0
                text9                              24CA     24CA       64         0
                text8                              2AA6     2AA6      1B4         0
                text7                              238E     238E       18         0
                text6                              2484     2484       46         0
                text5                              27CA     27CA       D0         0
                text4                              23A6     23A6       1C         0
                text3                              2672     2672       A6         0
                text2                              2374     2374        C         0
                text1                              2380     2380        E         0
                text0                              23E0     23E0       34         0
                cinit                              2414     2414       36         0
                idataCOMRAM                        23C3     23C3       1D         0

        CLASS   CONST          

        CLASS   SMALLCONST     

        CLASS   MEDIUMCONST    
                mediumconst                        2FE8     2FE8       14         0

        CLASS   COMRAM         
                cstackCOMRAM                          1        1       31         1
                dataCOMRAM                           32       32       1D         1
                bssCOMRAM                            4F       4F        D         1

        CLASS   ABS1           

        CLASS   BIGRAM         

        CLASS   RAM            

        CLASS   BANK0          

        CLASS   BANK1          

        CLASS   BANK2          

        CLASS   BANK3          

        CLASS   BANK4          

        CLASS   BANK5          

        CLASS   SFR            

        CLASS   BIGSFR         

        CLASS   CONFIG         
                config                           300000   300000        E         4

        CLASS   IDLOC          
                idloc                            200000   200000        8         5

        CLASS   EEDATA         

        CLASS   FARRAM         

        CLASS   HEAP           

        CLASS   STACK          



SEGMENTS        Name                           Load    Length   Top    Selector   Space  Class

                reset_vec                      000000  000004  000004         0       0  CODE    
                cstackCOMRAM                   000001  00005B  00005C         1       1  COMRAM  
                text2                          002374  00000C  002380      11BA       0  CODE    
                text1                          002380  00000E  00238E      11C0       0  CODE    
                text7                          00238E  000018  0023A6      11C7       0  CODE    
                text4                          0023A6  00001C  0023C2      11D3       0  CODE    
                idataCOMRAM                    0023C3  00001D  0023E0      23C3       0  CODE    
                text0                          0023E0  000034  002414      11F0       0  CODE    
                cinit                          002414  000036  00244A      120A       0  CODE    
                text17                         00244A  00003A  002484      1225       0  CODE    
                text6                          002484  000046  0024CA      1242       0  CODE    
                text9                          0024CA  000064  00252E      1265       0  CODE    
                text14                         00252E  000066  002594      1297       0  CODE    
                text16                         002594  00006C  002600      12CA       0  CODE    
                text10                         002600  000072  002672      1300       0  CODE    
                text3                          002672  0000A6  002718      1339       0  CODE    
                text13                         002718  0000B2  0027CA      138C       0  CODE    
                text5                          0027CA  0000D0  00289A      13E5       0  CODE    
                text15                         00289A  000106  0029A0      144D       0  CODE    
                text11                         0029A0  000106  002AA6      14D0       0  CODE    
                text8                          002AA6  0001B4  002C5A      1553       0  CODE    
                text12                         002C5A  00038E  002FE8      162D       0  CODE    
                mediumconst                    002FE8  000014  002FFC      17F4       0  MEDIUMCO
                init                           002FFC  000004  003000      17FE       0  CODE    


UNUSED ADDRESS RANGES

        Name                Unused          Largest block    Delta
        BANK0            000060-0000FF               A0
        BANK1            000100-0001FF              100
        BANK2            000200-0002FF              100
        BANK3            000300-0003FF              100
        BANK4            000400-0004FF              100
        BANK5            000500-0005FF              100
        BIGRAM           00005C-0005FF              5A4
        BIGSFR           000D00-000FFF              300
        CODE             000004-002373             2370
                         0023C2-0023C2                1
                         003000-003000                1
        COMRAM           00005C-00005F                4
        CONST            000004-002373             2370
                         0023C2-0023C2                1
                         003000-003000                1
        EEDATA           F00000-F000FF              100
        MEDIUMCONST      000600-002373             1D74
                         0023C2-0023C2                1
                         003000-003000                1
        RAM              000060-0005FF              100
        SFR              000D00-000FFF              100
        SMALLCONST       000600-002373              100
                         0023C2-0023C2                1
                         003000-003000                1

                                  Symbol Table

?___fldiv                   cstackCOMRAM 00000F
?___fltol                   cstackCOMRAM 000028
?___lwdiv                   cstackCOMRAM 000001
?___lwmod                   cstackCOMRAM 000001
?___xxtofl                  cstackCOMRAM 000001
?_read_adc                  cstackCOMRAM 000001
_ACQT0                      (abs)        007E03
_ACQT1                      (abs)        007E04
_ACQT2                      (abs)        007E05
_ADCON0                     (abs)        000FC2
_ADCS0                      (abs)        007E00
_ADCS1                      (abs)        007E01
_ADCS2                      (abs)        007E02
_ADFM                       (abs)        007E07
_ADON                       (abs)        007E10
_ADRESH                     (abs)        000FC4
_ADRESL                     (abs)        000FC3
_BRG16                      (abs)        007DC3
_BRGCON1                    (abs)        000F70
_BRGCON2                    (abs)        000F71
_BRGCON3                    (abs)        000F72
_BRGH                       (abs)        007D62
_CANCON                     (abs)        000F6F
_CANSTAT                    (abs)        000F6E
_CREN                       (abs)        007D5C
_ECANCON                    (abs)        000F77
_GO                         (abs)        007E11
_GODONE                     (abs)        007E11
_INTCON2bits                (abs)        000FF1
_PORTB                      (abs)        000F81
_PORTBbits                  (abs)        000F81
_PORTC                      (abs)        000F82
_PORTD                      (abs)        000F83
_RC0                        (abs)        007C10
_RC1                        (abs)        007C11
_RC2                        (abs)        007C12
_RCIF                       (abs)        007CF5
_RCREG                      (abs)        000FAE
_RD7                        (abs)        007C1F
_RX9                        (abs)        007D5E
_RXB0CON                    (abs)        000F60
_RXB0D0                     (abs)        000F66
_RXB0DLC                    (abs)        000F65
_RXB0FUL                    (abs)        007B07
_RXB0IF                     (abs)        007D20
_RXB0SIDH                   (abs)        000F61
_RXB0SIDL                   (abs)        000F62
_RXFCON0                    (abs)        000DD4
_SENDB                      (abs)        007D63
_SPBRG                      (abs)        000FAF
_SPEN                       (abs)        007D5F
_SYNC                       (abs)        007D64
_TRISB                      (abs)        000F93
_TRISB2                     (abs)        007C9A
_TRISB3                     (abs)        007C9B
_TRISC                      (abs)        000F94
_TRISC6                     (abs)        007CA6
_TRISC7                     (abs)        007CA7
_TRISD                      (abs)        000F95
_TRISD7                     (abs)        007CAF
_TX9                        (abs)        007D66
_TXB0D0                     (abs)        000F46
_TXB0DLC                    (abs)        000F45
_TXB0EIDH                   (abs)        000F43
_TXB0EIDL                   (abs)        000F44
_TXB0REQ                    (abs)        007A03
_TXB0SIDH                   (abs)        000F41
_TXB0SIDL                   (abs)        000F42
_TXEN                       (abs)        007D65
_TXIF                       (abs)        007CF4
_TXREG                      (abs)        000FAD
_VCFG0                      (abs)        007E0C
_VCFG1                      (abs)        007E0D
__HRAM                      (abs)        000000
__H__absolute__             __absolute__ 000000
__Habs1                     abs1         000000
__Hbank0                    bank0        000000
__Hbank1                    bank1        000000
__Hbank2                    bank2        000000
__Hbank3                    bank3        000000
__Hbank4                    bank4        000000
__Hbank5                    bank5        000000
__Hbigbss                   bigbss       000000
__Hbigdata                  bigdata      000000
__Hbigram                   bigram       000000
__Hbigsfr                   bigsfr       000000
__Hbss                      bss          000000
__HbssCOMRAM                bssCOMRAM    000000
__Hcinit                    cinit        000000
__Hclrtext                  clrtext      000000
__Hcomram                   comram       000000
__Hconfig                   config       30000E
__Hconst                    const        000000
__HcstackCOMRAM             cstackCOMRAM 000000
__Hdata                     data         000000
__HdataCOMRAM               dataCOMRAM   000000
__Heeprom_data              eeprom_data  000000
__Hfarbss                   farbss       000000
__Hfardata                  fardata      000000
__Hheap                     heap         000000
__Hibigdata                 ibigdata     000000
__Hidata                    idata        000000
__HidataCOMRAM              idataCOMRAM  000000
__Hidloc                    idloc        200008
__Hifardata                 ifardata     000000
__Hinit                     init         003000
__Hintcode                  intcode      000008
__Hintcode_body             intcode_body 000000
__Hintcodelo                intcodelo    000018
__Hintentry                 intentry     000000
__Hintret                   intret       000000
__Hintsave_regs             intsave_regs 000000
__Hirdata                   irdata       000000
__Hmediumconst              mediumconst  002FFC
__HnvFARRAM                 nvFARRAM     000000
__Hnvbit                    nvbit        000000
__Hnvrram                   nvrram       000000
__Hparam                    rparam       000000
__Hpowerup                  powerup      000000
__Hram                      ram          000000
__Hramtop                   ramtop       000600
__Hrbit                     rbit         000000
__Hrbss                     rbss         000000
__Hrdata                    rdata        000000
__Hreset_vec                reset_vec    000004
__Hrparam                   rparam       000000
__Hsfr                      sfr          000000
__Hsivt_hi                  sivt_hi      000000
__Hsivt_lo                  sivt_lo      000018
__Hsmallconst               smallconst   000000
__Hspace_0                  (abs)        003000
__Hspace_1                  (abs)        00005C
__Hspace_2                  (abs)        000000
__Hspace_4                  (abs)        60000E
__Hstack                    stack        000000
__Hstruct                   struct       000000
__Htemp                     temp         000000
__Htext                     text         000000
__Htext0                    text0        000000
__Htext1                    text1        000000
__Htext10                   text10       000000
__Htext11                   text11       000000
__Htext12                   text12       000000
__Htext13                   text13       000000
__Htext14                   text14       000000
__Htext15                   text15       000000
__Htext16                   text16       000000
__Htext17                   text17       000000
__Htext2                    text2        000000
__Htext3                    text3        000000
__Htext4                    text4        000000
__Htext5                    text5        000000
__Htext6                    text6        000000
__Htext7                    text7        000000
__Htext8                    text8        000000
__Htext9                    text9        000000
__LRAM                      (abs)        000001
__L__absolute__             __absolute__ 000000
__Labs1                     abs1         000000
__Lbank0                    bank0        000000
__Lbank1                    bank1        000000
__Lbank2                    bank2        000000
__Lbank3                    bank3        000000
__Lbank4                    bank4        000000
__Lbank5                    bank5        000000
__Lbigbss                   bigbss       000000
__Lbigdata                  bigdata      000000
__Lbigram                   bigram       000000
__Lbigsfr                   bigsfr       000000
__Lbss                      bss          000000
__LbssCOMRAM                bssCOMRAM    000000
__Lcinit                    cinit        000000
__Lclrtext                  clrtext      000000
__Lcomram                   comram       000000
__Lconfig                   config       000000
__Lconst                    const        000000
__LcstackCOMRAM             cstackCOMRAM 000000
__Ldata                     data         000000
__LdataCOMRAM               dataCOMRAM   000000
__Leeprom_data              eeprom_data  000000
__Lfarbss                   farbss       000000
__Lfardata                  fardata      000000
__Lheap                     heap         000000
__Libigdata                 ibigdata     000000
__Lidata                    idata        000000
__LidataCOMRAM              idataCOMRAM  000000
__Lidloc                    idloc        000000
__Lifardata                 ifardata     000000
__Linit                     init         002FFC
__Lintcode                  intcode      000008
__Lintcode_body             intcode_body 000000
__Lintcodelo                intcodelo    000018
__Lintentry                 intentry     000000
__Lintret                   intret       000000
__Lintsave_regs             intsave_regs 000000
__Lirdata                   irdata       000000
__Lmediumconst              mediumconst  002FE8
__LnvFARRAM                 nvFARRAM     000000
__Lnvbit                    nvbit        000000
__Lnvrram                   nvrram       000000
__Lparam                    rparam       000000
__Lpowerup                  powerup      000000
__Lram                      ram          000000
__Lramtop                   ramtop       000600
__Lrbit                     rbit         000000
__Lrbss                     rbss         000000
__Lrdata                    rdata        000000
__Lreset_vec                reset_vec    000000
__Lrparam                   rparam       000000
__Lsfr                      sfr          000000
__Lsivt_hi                  sivt_hi      000000
__Lsivt_lo                  sivt_lo      000018
__Lsmallconst               smallconst   000000
__Lspace_0                  (abs)        000000
__Lspace_1                  (abs)        000000
__Lspace_2                  (abs)        000000
__Lspace_4                  (abs)        000000
__Lstack                    stack        000000
__Lstruct                   struct       000000
__Ltemp                     temp         000000
__Ltext                     text         000000
__Ltext0                    text0        000000
__Ltext1                    text1        000000
__Ltext10                   text10       000000
__Ltext11                   text11       000000
__Ltext12                   text12       000000
__Ltext13                   text13       000000
__Ltext14                   text14       000000
__Ltext15                   text15       000000
__Ltext16                   text16       000000
__Ltext17                   text17       000000
__Ltext2                    text2        000000
__Ltext3                    text3        000000
__Ltext4                    text4        000000
__Ltext5                    text5        000000
__Ltext6                    text6        000000
__Ltext7                    text7        000000
__Ltext8                    text8        000000
__Ltext9                    text9        000000
__S0                        (abs)        003000
__S1                        (abs)        00005C
__S4                        (abs)        000000
__S5                        (abs)        000000
___fldiv                    text12       002C5A
___fldiv@a                  cstackCOMRAM 000013
___fldiv@aexp               cstackCOMRAM 000027
___fldiv@b                  cstackCOMRAM 00000F
___fldiv@bexp               cstackCOMRAM 000026
___fldiv@grs                cstackCOMRAM 000022
___fldiv@new_exp            cstackCOMRAM 000020
___fldiv@rem                cstackCOMRAM 00001B
___fldiv@sign               cstackCOMRAM 00001F
___fltol                    text11       0029A0
___fltol@exp1               cstackCOMRAM 000031
___fltol@f1                 cstackCOMRAM 000028
___fltol@sign1              cstackCOMRAM 000030
___heap_hi                  (abs)        000000
___heap_lo                  (abs)        000000
___inthi_sp                 stack        000000
___inthi_stack_hi           stack        000000
___inthi_stack_lo           stack        000000
___intlo_sp                 stack        000000
___intlo_stack_hi           stack        000000
___intlo_stack_lo           stack        000000
___lwdiv                    text10       002600
___lwdiv@counter            cstackCOMRAM 000007
___lwdiv@dividend           cstackCOMRAM 000001
___lwdiv@divisor            cstackCOMRAM 000003
___lwdiv@quotient           cstackCOMRAM 000005
___lwmod                    text9        0024CA
___lwmod@counter            cstackCOMRAM 000005
___lwmod@dividend           cstackCOMRAM 000001
___lwmod@divisor            cstackCOMRAM 000003
___param_bank               (abs)        000000
___rparam_used              (abs)        000001
___sp                       stack        000000
___stack_hi                 stack        000000
___stack_lo                 stack        000000
___xxtofl                   text8        002AA6
___xxtofl@arg               cstackCOMRAM 00000B
___xxtofl@exp               cstackCOMRAM 00000A
___xxtofl@sign              cstackCOMRAM 000009
___xxtofl@val               cstackCOMRAM 000001
__accesstop                 (abs)        000060
__activetblptr              (abs)        000002
__end_of___fldiv            text12       002FE8
__end_of___fltol            text11       002AA6
__end_of___lwdiv            text10       002672
__end_of___lwmod            text9        00252E
__end_of___xxtofl           text8        002C5A
__end_of__initialization    cinit        002440
__end_of_clcd_print         text16       002600
__end_of_clcd_putch         text7        0023A6
__end_of_clcd_write         text17       002484
__end_of_get_gear_pos       text13       0027CA
__end_of_get_speed          text5        00289A
__end_of_init_adc           text4        0023C2
__end_of_init_clcd          text3        002718
__end_of_init_config        text1        00238E
__end_of_init_matrix_keypad text2        002380
__end_of_main               text0        002414
__end_of_read_adc           text6        0024CA
__end_of_scan_switch        text15       0029A0
__end_of_triggering_type    text14       002594
__initialization            cinit        002414
__mediumconst               mediumconst  002FE8
__pbssCOMRAM                bssCOMRAM    00004F
__pcinit                    cinit        002414
__pcstackCOMRAM             cstackCOMRAM 000001
__pdataCOMRAM               dataCOMRAM   000032
__pidataCOMRAM              idataCOMRAM  0023C3
__pmediumconst              mediumconst  002FE8
__ptext0                    text0        0023E0
__ptext1                    text1        002380
__ptext10                   text10       002600
__ptext11                   text11       0029A0
__ptext12                   text12       002C5A
__ptext13                   text13       002718
__ptext14                   text14       00252E
__ptext15                   text15       00289A
__ptext16                   text16       002594
__ptext17                   text17       00244A
__ptext2                    text2        002374
__ptext3                    text3        002672
__ptext4                    text4        0023A6
__ptext5                    text5        0027CA
__ptext6                    text6        002484
__ptext7                    text7        00238E
__ptext8                    text8        002AA6
__ptext9                    text9        0024CA
__ramtop                    ramtop       000600
__smallconst                mediumconst  002FE8
_adc_val                    bssCOMRAM    000057
_clcd_print                 text16       002594
_clcd_putch                 text7        00238E
_clcd_write                 text17       00244A
_gear                       dataCOMRAM   000034
_gear_arr                   bssCOMRAM    00004F
_get_gear_pos               text13       002718
_get_speed                  text5        0027CA
_index                      bssCOMRAM    000059
_init_adc                   text4        0023A6
_init_clcd                  text3        002672
_init_config                text1        002380
_init_matrix_keypad         text2        002374
_key                        bssCOMRAM    00005B
_main                       text0        0023E0
_once                       dataCOMRAM   000032
_read_adc                   text6        002484
_scan_switch                text15       00289A
_speed                      bssCOMRAM    000055
_speed_arr                  bssCOMRAM    000052
_triggering_type            text14       00252E
_value                      bssCOMRAM    00005A
clcd_print@addr             cstackCOMRAM 000005
clcd_print@data             cstackCOMRAM 000003
clcd_putch@addr             cstackCOMRAM 000008
clcd_putch@data             cstackCOMRAM 000009
clcd_write@byte             cstackCOMRAM 000002
clcd_write@control_bit      cstackCOMRAM 000001
end_of_initialization       cinit        002440
intlevel0                   text         000000
intlevel1                   text         000000
intlevel2                   text         000000
intlevel3                   text         000000
isa$std                     (abs)        000001
isa$xinst                   (abs)        000000
read_adc@channel            cstackCOMRAM 000007
read_adc@reg_val            cstackCOMRAM 000005
read_digital_keypad@once    dataCOMRAM   000033
stackhi                     (abs)        000000
stacklo                     (abs)        000000
start                       init         002FFC
start_initialization        cinit        002414
triggering_type@detect_type cstackCOMRAM 000002
triggering_type@key         cstackCOMRAM 000001


MODULE INFORMATION

Module		Function		Class		Link	Load	Size
C:\Program Files\Microchip\xc8\v3.10\pic\sources\c99\common\lwmod.c
		___lwmod       		CODE           	24CA	0000	100

C:\Program Files\Microchip\xc8\v3.10\pic\sources\c99\common\lwmod.c estimated size: 100

matrix_keypad.c
		_init_matrix_keypad		CODE           	2374	0000	12
		_triggering_type		CODE           	252E	0000	102
		_scan_switch   		CODE           	289A	0000	262

matrix_keypad.c estimated size: 376

ecu1_main.c
		_main          		CODE           	23E0	0000	52
		_init_config   		CODE           	2380	0000	14

ecu1_main.c estimated size: 66

C:\Program Files\Microchip\xc8\v3.10\pic\sources\c99\common\lwdiv.c
		___lwdiv       		CODE           	2600	0000	114

C:\Program Files\Microchip\xc8\v3.10\pic\sources\c99\common\lwdiv.c estimated size: 114

adc.c
		_init_adc      		CODE           	23A6	0000	28
		_read_adc      		CODE           	2484	0000	70

adc.c estimated size: 98

C:\Program Files\Microchip\xc8\v3.10\pic\sources\c99\common\fltol.c
		___fltol       		CODE           	29A0	0000	262

C:\Program Files\Microchip\xc8\v3.10\pic\sources\c99\common\fltol.c estimated size: 262

C:\Program Files\Microchip\xc8\v3.10\pic\sources\c99\common\xxtofl.c
		___xxtofl      		CODE           	2AA6	0000	436

C:\Program Files\Microchip\xc8\v3.10\pic\sources\c99\common\xxtofl.c estimated size: 436

C:\Program Files\Microchip\xc8\v3.10\pic\sources\c99\common\sprcdiv.c
		___fldiv       		CODE           	2C5A	0000	910

C:\Program Files\Microchip\xc8\v3.10\pic\sources\c99\common\sprcdiv.c estimated size: 910

shared
		__initialization		CODE           	2414	0000	44

shared estimated size: 44

clcd.c
		_clcd_write    		CODE           	244A	0000	58
		_clcd_print    		CODE           	2594	0000	108
		_clcd_putch    		CODE           	238E	0000	24
		_init_clcd     		CODE           	2672	0000	166

clcd.c estimated size: 356

ecu1_sensor.c
		_get_speed     		CODE           	27CA	0000	208
		_get_gear_pos  		CODE           	2718	0000	178

ecu1_sensor.c estimated size: 386

