Microchip MPLAB XC8 Compiler V3.10

Linker command line:

-W-3 \
  --edf=C:\Program Files\Microchip\xc8\v3.10\pic\dat\20250813170317_en.msgs \
  -cn -h+dist/default/production\ECU_01.X.production.sym \
  --cmf=dist/default/production\ECU_01.X.production.cmf -z -Q18F4580 \
  -oC:\Users\OMKARS~1\AppData\Local\Temp\xcAsj9o.0\driver_tmp_3.o \
  --defsym=__MPLAB_BUILD=1 --fixupoverflow=error \
  -Mdist/default/production/ECU_01.X.production.map \
  --md=C:\Users\OMKARS~1\AppData\Local\Temp\xcAsj9o.0\driver_tmp_0.dat -E1 \
  -ver=XC8 Compiler -ACODE=00h-07FFFh -ACONST=00h-07FFFh \
  -ASMALLCONST=0600h-06FFhx122 -AMEDIUMCONST=0600h-07FFFh -ACOMRAM=01h-05Fh \
  -AABS1=00h-05FFh -ABIGRAM=01h-05FFh -ARAM=060h-0FFh,0100h-01FFhx5 \
  -ABANK0=060h-0FFh -ABANK1=0100h-01FFh -ABANK2=0200h-02FFh \
  -ABANK3=0300h-03FFh -ABANK4=0400h-04FFh -ABANK5=0500h-05FFh \
  -ASFR=0D00h-0DFFhx2,0F00h-0F5Fh,0F60h-0FFFh -ABIGSFR=0D00h-0FFFh \
  -ACONFIG=0300000h-030000Dh -AIDLOC=0200000h-0200007h \
  -AEEDATA=0F00000h-0F000FFh -peeprom_data=EEDATA \
  -preset_vec=00h,intcode=8h,intcodelo=18h,sivt_lo,sivt_hi=CODE \
  -ppowerup=CODE,init -pramtop=0600h -psmallconst=SMALLCONST \
  -pmediumconst=MEDIUMCONST -pconst=CONST -AFARRAM=00h-00h \
  -prdata=COMRAM,nvrram=COMRAM,nvbit=COMRAM,rbss=COMRAM,rbit=COMRAM \
  -pfarbss=FARRAM,fardata=FARRAM,nvFARRAM=FARRAM \
  -pintsave_regs=BIGRAM,bigbss=BIGRAM,bigdata=BIGRAM -pbss=RAM \
  -pidata=CODE,irdata=CODE,ibigdata=CODE,ifardata=CODE -prparam=COMRAM \
  C:\Users\OMKARS~1\AppData\Local\Temp\xcAsj9o.0\driver_tmp_9.o \
  dist/default/production\ECU_01.X.production.o 

Object code version is 3.11

Machine type is 18F4580



                Name                               Link     Load   Length Selector   Space Scale
C:\Users\OMKARS~1\AppData\Local\Temp\xcAsj9o.0\driver_tmp_9.o
                idloc                            200000   200000        8        0       5
                config                           300000   300000        E        0       4
                init                               7FFC     7FFC        4     3FFE       0
                reset_vec                             0        0        4        0       0
dist/default/production\ECU_01.X.production.o
                idloc                            200000   200000        8        0       5
                config                           300000   300000        E        0       4
                smallconst                          600      600       14      300       0
                text15                              C44      C44       3A      30A       0
                text14                              AF0      AF0       6C      30A       0
                text13                              614      614      106      30A       0
                text12                              B5C      B5C       66      30A       0
                text11                              7DA      7DA       B2      30A       0
                text10                              71A      71A       C0      30A       0
                text9                               88C      88C       AE      30A       0
                text8                               A7E      A7E       72      30A       0
                text7                               CEE      CEE       18      669       0
                text6                               BC2      BC2       46      30A       0
                text5                               9E0      9E0       9E      30A       0
                text4                               CD2      CD2       1C      669       0
                text3                               93A      93A       A6      30A       0
                text2                               D14      D14        C      669       0
                text1                               D06      D06        E      669       0
                text0                               C08      C08       3C      30A       0
                cstackCOMRAM                         2A       2A        C        1       1
                dataCOMRAM                            1        1       1D        1       1
                bssCOMRAM                            1E       1E        C        1       1
                cinit                               C7E      C7E       36      30A       0
                idataCOMRAM                         CB4      CB4       1D      30A       0

TOTAL           Name                               Link     Load   Length     Space
        CLASS   CODE           
                init                               7FFC     7FFC        4         0
                reset_vec                             0        0        4         0
                text15                              C44      C44       3A         0
                text14                              AF0      AF0       6C         0
                text13                              614      614      106         0
                text12                              B5C      B5C       66         0
                text11                              7DA      7DA       B2         0
                text10                              71A      71A       C0         0
                text9                               88C      88C       AE         0
                text8                               A7E      A7E       72         0
                text7                               CEE      CEE       18         0
                text6                               BC2      BC2       46         0
                text5                               9E0      9E0       9E         0
                text4                               CD2      CD2       1C         0
                text3                               93A      93A       A6         0
                text2                               D14      D14        C         0
                text1                               D06      D06        E         0
                text0                               C08      C08       3C         0
                cinit                               C7E      C7E       36         0
                idataCOMRAM                         CB4      CB4       1D         0

        CLASS   CONST          

        CLASS   SMALLCONST     
                smallconst                          600      600       14         0

        CLASS   MEDIUMCONST    

        CLASS   COMRAM         
                cstackCOMRAM                         2A       2A        C         1
                dataCOMRAM                            1        1       1D         1
                bssCOMRAM                            1E       1E        C         1

        CLASS   ABS1           

        CLASS   BIGRAM         

        CLASS   RAM            

        CLASS   BANK0          

        CLASS   BANK1          

        CLASS   BANK2          

        CLASS   BANK3          

        CLASS   BANK4          

        CLASS   BANK5          

        CLASS   SFR            

        CLASS   BIGSFR         

        CLASS   CONFIG         
                config                           300000   300000        E         4

        CLASS   IDLOC          
                idloc                            200000   200000        8         5

        CLASS   EEDATA         

        CLASS   FARRAM         

        CLASS   HEAP           

        CLASS   STACK          



SEGMENTS        Name                           Load    Length   Top    Selector   Space  Class

                reset_vec                      000000  000004  000004         0       0  CODE    
                dataCOMRAM                     000001  000035  000036         1       1  COMRAM  
                smallconst                     000600  000014  000614       300       0  SMALLCON
                text13                         000614  0006BD  000CD1       30A       0  CODE    
                text4                          000CD2  00004E  000D20       669       0  CODE    
                init                           007FFC  000004  008000      3FFE       0  CODE    


UNUSED ADDRESS RANGES

        Name                Unused          Largest block    Delta
        BANK0            000060-0000FF               A0
        BANK1            000100-0001FF              100
        BANK2            000200-0002FF              100
        BANK3            000300-0003FF              100
        BANK4            000400-0004FF              100
        BANK5            000500-0005FF              100
        BIGRAM           000036-0005FF              5CA
        BIGSFR           000D00-000FFF              300
        CODE             000004-0005FF              5FC
                         000CD1-000CD1                1
                         000D20-007FFB             72DC
        COMRAM           000036-00005F               2A
        CONST            000004-0005FF              5FC
                         000CD1-000CD1                1
                         000D20-007FFB             72DC
        EEDATA           F00000-F000FF              100
        MEDIUMCONST      000CD1-000CD1                1
                         000D20-007FFB             72DC
        RAM              000060-0005FF              100
        SFR              000D00-000FFF              100
        SMALLCONST       000CD1-000CD1                1
                         000D20-007FFB              100

                                  Symbol Table

?___awdiv                   cstackCOMRAM 00002A
?___awmod                   cstackCOMRAM 00002A
?___lwdiv                   cstackCOMRAM 00002A
?_read_adc                  cstackCOMRAM 00002A
_ACQT0                      (abs)        007E03
_ACQT1                      (abs)        007E04
_ACQT2                      (abs)        007E05
_ADCON0                     (abs)        000FC2
_ADCS0                      (abs)        007E00
_ADCS1                      (abs)        007E01
_ADCS2                      (abs)        007E02
_ADFM                       (abs)        007E07
_ADON                       (abs)        007E10
_ADRESH                     (abs)        000FC4
_ADRESL                     (abs)        000FC3
_BRG16                      (abs)        007DC3
_BRGCON1                    (abs)        000F70
_BRGCON2                    (abs)        000F71
_BRGCON3                    (abs)        000F72
_BRGH                       (abs)        007D62
_CANCON                     (abs)        000F6F
_CANSTAT                    (abs)        000F6E
_CREN                       (abs)        007D5C
_ECANCON                    (abs)        000F77
_GO                         (abs)        007E11
_GODONE                     (abs)        007E11
_INTCON2bits                (abs)        000FF1
_PORTB                      (abs)        000F81
_PORTBbits                  (abs)        000F81
_PORTC                      (abs)        000F82
_PORTD                      (abs)        000F83
_RC0                        (abs)        007C10
_RC1                        (abs)        007C11
_RC2                        (abs)        007C12
_RCIF                       (abs)        007CF5
_RCREG                      (abs)        000FAE
_RD7                        (abs)        007C1F
_RX9                        (abs)        007D5E
_RXB0CON                    (abs)        000F60
_RXB0D0                     (abs)        000F66
_RXB0DLC                    (abs)        000F65
_RXB0FUL                    (abs)        007B07
_RXB0IF                     (abs)        007D20
_RXB0SIDH                   (abs)        000F61
_RXB0SIDL                   (abs)        000F62
_RXFCON0                    (abs)        000DD4
_SENDB                      (abs)        007D63
_SPBRG                      (abs)        000FAF
_SPEN                       (abs)        007D5F
_SYNC                       (abs)        007D64
_TRISB                      (abs)        000F93
_TRISB2                     (abs)        007C9A
_TRISB3                     (abs)        007C9B
_TRISC                      (abs)        000F94
_TRISC6                     (abs)        007CA6
_TRISC7                     (abs)        007CA7
_TRISD                      (abs)        000F95
_TRISD7                     (abs)        007CAF
_TX9                        (abs)        007D66
_TXB0D0                     (abs)        000F46
_TXB0DLC                    (abs)        000F45
_TXB0EIDH                   (abs)        000F43
_TXB0EIDL                   (abs)        000F44
_TXB0REQ                    (abs)        007A03
_TXB0SIDH                   (abs)        000F41
_TXB0SIDL                   (abs)        000F42
_TXEN                       (abs)        007D65
_TXIF                       (abs)        007CF4
_TXREG                      (abs)        000FAD
_VCFG0                      (abs)        007E0C
_VCFG1                      (abs)        007E0D
__HRAM                      (abs)        000000
__H__absolute__             __absolute__ 000000
__Habs1                     abs1         000000
__Hbank0                    bank0        000000
__Hbank1                    bank1        000000
__Hbank2                    bank2        000000
__Hbank3                    bank3        000000
__Hbank4                    bank4        000000
__Hbank5                    bank5        000000
__Hbigbss                   bigbss       000000
__Hbigdata                  bigdata      000000
__Hbigram                   bigram       000000
__Hbigsfr                   bigsfr       000000
__Hbss                      bss          000000
__HbssCOMRAM                bssCOMRAM    000000
__Hcinit                    cinit        000000
__Hclrtext                  clrtext      000000
__Hcomram                   comram       000000
__Hconfig                   config       30000E
__Hconst                    const        000000
__HcstackCOMRAM             cstackCOMRAM 000000
__Hdata                     data         000000
__HdataCOMRAM               dataCOMRAM   000000
__Heeprom_data              eeprom_data  000000
__Hfarbss                   farbss       000000
__Hfardata                  fardata      000000
__Hheap                     heap         000000
__Hibigdata                 ibigdata     000000
__Hidata                    idata        000000
__HidataCOMRAM              idataCOMRAM  000000
__Hidloc                    idloc        200008
__Hifardata                 ifardata     000000
__Hinit                     init         008000
__Hintcode                  intcode      000008
__Hintcode_body             intcode_body 000000
__Hintcodelo                intcodelo    000018
__Hintentry                 intentry     000000
__Hintret                   intret       000000
__Hintsave_regs             intsave_regs 000000
__Hirdata                   irdata       000000
__Hmediumconst              mediumconst  000000
__HnvFARRAM                 nvFARRAM     000000
__Hnvbit                    nvbit        000000
__Hnvrram                   nvrram       000000
__Hparam                    rparam       000000
__Hpowerup                  powerup      000000
__Hram                      ram          000000
__Hramtop                   ramtop       000600
__Hrbit                     rbit         000000
__Hrbss                     rbss         000000
__Hrdata                    rdata        000000
__Hreset_vec                reset_vec    000004
__Hrparam                   rparam       000000
__Hsfr                      sfr          000000
__Hsivt_hi                  sivt_hi      000000
__Hsivt_lo                  sivt_lo      000018
__Hsmallconst               smallconst   000614
__Hspace_0                  (abs)        008000
__Hspace_1                  (abs)        000036
__Hspace_2                  (abs)        000000
__Hspace_4                  (abs)        60000E
__Hstack                    stack        000000
__Hstruct                   struct       000000
__Htemp                     temp         000000
__Htext                     text         000000
__Htext0                    text0        000000
__Htext1                    text1        000000
__Htext10                   text10       000000
__Htext11                   text11       000000
__Htext12                   text12       000000
__Htext13                   text13       000000
__Htext14                   text14       000000
__Htext15                   text15       000000
__Htext2                    text2        000000
__Htext3                    text3        000000
__Htext4                    text4        000000
__Htext5                    text5        000000
__Htext6                    text6        000000
__Htext7                    text7        000000
__Htext8                    text8        000000
__Htext9                    text9        000000
__LRAM                      (abs)        000001
__L__absolute__             __absolute__ 000000
__Labs1                     abs1         000000
__Lbank0                    bank0        000000
__Lbank1                    bank1        000000
__Lbank2                    bank2        000000
__Lbank3                    bank3        000000
__Lbank4                    bank4        000000
__Lbank5                    bank5        000000
__Lbigbss                   bigbss       000000
__Lbigdata                  bigdata      000000
__Lbigram                   bigram       000000
__Lbigsfr                   bigsfr       000000
__Lbss                      bss          000000
__LbssCOMRAM                bssCOMRAM    000000
__Lcinit                    cinit        000000
__Lclrtext                  clrtext      000000
__Lcomram                   comram       000000
__Lconfig                   config       000000
__Lconst                    const        000000
__LcstackCOMRAM             cstackCOMRAM 000000
__Ldata                     data         000000
__LdataCOMRAM               dataCOMRAM   000000
__Leeprom_data              eeprom_data  000000
__Lfarbss                   farbss       000000
__Lfardata                  fardata      000000
__Lheap                     heap         000000
__Libigdata                 ibigdata     000000
__Lidata                    idata        000000
__LidataCOMRAM              idataCOMRAM  000000
__Lidloc                    idloc        000000
__Lifardata                 ifardata     000000
__Linit                     init         007FFC
__Lintcode                  intcode      000008
__Lintcode_body             intcode_body 000000
__Lintcodelo                intcodelo    000018
__Lintentry                 intentry     000000
__Lintret                   intret       000000
__Lintsave_regs             intsave_regs 000000
__Lirdata                   irdata       000000
__Lmediumconst              mediumconst  000000
__LnvFARRAM                 nvFARRAM     000000
__Lnvbit                    nvbit        000000
__Lnvrram                   nvrram       000000
__Lparam                    rparam       000000
__Lpowerup                  powerup      000000
__Lram                      ram          000000
__Lramtop                   ramtop       000600
__Lrbit                     rbit         000000
__Lrbss                     rbss         000000
__Lrdata                    rdata        000000
__Lreset_vec                reset_vec    000000
__Lrparam                   rparam       000000
__Lsfr                      sfr          000000
__Lsivt_hi                  sivt_hi      000000
__Lsivt_lo                  sivt_lo      000018
__Lsmallconst               smallconst   000600
__Lspace_0                  (abs)        000000
__Lspace_1                  (abs)        000000
__Lspace_2                  (abs)        000000
__Lspace_4                  (abs)        000000
__Lstack                    stack        000000
__Lstruct                   struct       000000
__Ltemp                     temp         000000
__Ltext                     text         000000
__Ltext0                    text0        000000
__Ltext1                    text1        000000
__Ltext10                   text10       000000
__Ltext11                   text11       000000
__Ltext12                   text12       000000
__Ltext13                   text13       000000
__Ltext14                   text14       000000
__Ltext15                   text15       000000
__Ltext2                    text2        000000
__Ltext3                    text3        000000
__Ltext4                    text4        000000
__Ltext5                    text5        000000
__Ltext6                    text6        000000
__Ltext7                    text7        000000
__Ltext8                    text8        000000
__Ltext9                    text9        000000
__S0                        (abs)        008000
__S1                        (abs)        000036
__S4                        (abs)        000000
__S5                        (abs)        000000
___awdiv                    text10       00071A
___awdiv@counter            cstackCOMRAM 00002E
___awdiv@dividend           cstackCOMRAM 00002A
___awdiv@divisor            cstackCOMRAM 00002C
___awdiv@quotient           cstackCOMRAM 000030
___awdiv@sign               cstackCOMRAM 00002F
___awmod                    text9        00088C
___awmod@counter            cstackCOMRAM 00002E
___awmod@dividend           cstackCOMRAM 00002A
___awmod@divisor            cstackCOMRAM 00002C
___awmod@sign               cstackCOMRAM 00002F
___heap_hi                  (abs)        000000
___heap_lo                  (abs)        000000
___inthi_sp                 stack        000000
___inthi_stack_hi           stack        000000
___inthi_stack_lo           stack        000000
___intlo_sp                 stack        000000
___intlo_stack_hi           stack        000000
___intlo_stack_lo           stack        000000
___lwdiv                    text8        000A7E
___lwdiv@counter            cstackCOMRAM 000030
___lwdiv@dividend           cstackCOMRAM 00002A
___lwdiv@divisor            cstackCOMRAM 00002C
___lwdiv@quotient           cstackCOMRAM 00002E
___param_bank               (abs)        000000
___rparam_used              (abs)        000001
___sp                       stack        000000
___stack_hi                 stack        000000
___stack_lo                 stack        000000
__accesstop                 (abs)        000060
__activetblptr              (abs)        000002
__end_of___awdiv            text10       0007DA
__end_of___awmod            text9        00093A
__end_of___lwdiv            text8        000AF0
__end_of__initialization    cinit        000CAA
__end_of_clcd_print         text14       000B5C
__end_of_clcd_putch         text7        000D06
__end_of_clcd_write         text15       000C7E
__end_of_get_gear_pos       text11       00088C
__end_of_get_speed          text5        000A7E
__end_of_init_adc           text4        000CEE
__end_of_init_clcd          text3        0009E0
__end_of_init_config        text1        000D14
__end_of_init_matrix_keypad text2        000D20
__end_of_main               text0        000C44
__end_of_read_adc           text6        000C08
__end_of_scan_switch        text13       00071A
__end_of_triggering_type    text12       000BC2
__initialization            cinit        000C7E
__mediumconst               smallconst   000600
__pbssCOMRAM                bssCOMRAM    00001E
__pcinit                    cinit        000C7E
__pcstackCOMRAM             cstackCOMRAM 00002A
__pdataCOMRAM               dataCOMRAM   000001
__pidataCOMRAM              idataCOMRAM  000CB4
__psmallconst               smallconst   000600
__ptext0                    text0        000C08
__ptext1                    text1        000D06
__ptext10                   text10       00071A
__ptext11                   text11       0007DA
__ptext12                   text12       000B5C
__ptext13                   text13       000614
__ptext14                   text14       000AF0
__ptext15                   text15       000C44
__ptext2                    text2        000D14
__ptext3                    text3        00093A
__ptext4                    text4        000CD2
__ptext5                    text5        0009E0
__ptext6                    text6        000BC2
__ptext7                    text7        000CEE
__ptext8                    text8        000A7E
__ptext9                    text9        00088C
__ramtop                    ramtop       000600
__smallconst                smallconst   000600
_adc_val                    bssCOMRAM    000024
_clcd_print                 text14       000AF0
_clcd_putch                 text7        000CEE
_clcd_write                 text15       000C44
_gear                       dataCOMRAM   000003
_gear_arr                   bssCOMRAM    00001E
_get_gear_pos               text11       0007DA
_get_speed                  text5        0009E0
_index                      bssCOMRAM    000026
_init_adc                   text4        000CD2
_init_clcd                  text3        00093A
_init_config                text1        000D06
_init_matrix_keypad         text2        000D14
_key                        bssCOMRAM    000028
_main                       text0        000C08
_once                       dataCOMRAM   000001
_read_adc                   text6        000BC2
_scan_switch                text13       000614
_speed                      bssCOMRAM    000029
_speed_arr                  bssCOMRAM    000021
_triggering_type            text12       000B5C
_value                      bssCOMRAM    000027
clcd_print@addr             cstackCOMRAM 00002E
clcd_print@data             cstackCOMRAM 00002C
clcd_putch@addr             cstackCOMRAM 000032
clcd_putch@data             cstackCOMRAM 000033
clcd_write@byte             cstackCOMRAM 00002B
clcd_write@control_bit      cstackCOMRAM 00002A
end_of_initialization       cinit        000CAA
intlevel0                   text         000000
intlevel1                   text         000000
intlevel2                   text         000000
intlevel3                   text         000000
isa$std                     (abs)        000001
isa$xinst                   (abs)        000000
read_adc@channel            cstackCOMRAM 000030
read_adc@reg_val            cstackCOMRAM 00002E
read_digital_keypad@once    dataCOMRAM   000002
stackhi                     (abs)        000000
stacklo                     (abs)        000000
start                       init         007FFC
start_initialization        cinit        000C7E
triggering_type@detect_type cstackCOMRAM 00002B
triggering_type@key         cstackCOMRAM 00002A


MODULE INFORMATION

Module		Function		Class		Link	Load	Size
C:\Program Files\Microchip\xc8\v3.10\pic\sources\c99\common\awmod.c
		___awmod       		CODE           	088C	0000	174

C:\Program Files\Microchip\xc8\v3.10\pic\sources\c99\common\awmod.c estimated size: 174

matrix_keypad.c
		_init_matrix_keypad		CODE           	0D14	0000	12
		_triggering_type		CODE           	0B5C	0000	102
		_scan_switch   		CODE           	0614	0000	262

matrix_keypad.c estimated size: 376

ecu1_main.c
		_main          		CODE           	0C08	0000	60
		_init_config   		CODE           	0D06	0000	14

ecu1_main.c estimated size: 74

C:\Program Files\Microchip\xc8\v3.10\pic\sources\c99\common\lwdiv.c
		___lwdiv       		CODE           	0A7E	0000	114

C:\Program Files\Microchip\xc8\v3.10\pic\sources\c99\common\lwdiv.c estimated size: 114

C:\Program Files\Microchip\xc8\v3.10\pic\sources\c99\common\awdiv.c
		___awdiv       		CODE           	071A	0000	192

C:\Program Files\Microchip\xc8\v3.10\pic\sources\c99\common\awdiv.c estimated size: 192

adc.c
		_init_adc      		CODE           	0CD2	0000	28
		_read_adc      		CODE           	0BC2	0000	70

adc.c estimated size: 98

shared
		__initialization		CODE           	0C7E	0000	44

shared estimated size: 44

clcd.c
		_clcd_write    		CODE           	0C44	0000	58
		_clcd_print    		CODE           	0AF0	0000	108
		_clcd_putch    		CODE           	0CEE	0000	24
		_init_clcd     		CODE           	093A	0000	166

clcd.c estimated size: 356

ecu1_sensor.c
		_get_speed     		CODE           	09E0	0000	158
		_get_gear_pos  		CODE           	07DA	0000	178

ecu1_sensor.c estimated size: 336

