Microchip MPLAB XC8 Compiler V3.10

Linker command line:

-W-3 \
  --edf=C:\Program Files\Microchip\xc8\v3.10\pic\dat\20250813170317_en.msgs \
  -cn -h+dist/default/production\ECU_02.X.production.sym \
  --cmf=dist/default/production\ECU_02.X.production.cmf -z -Q18F4580 \
  -oC:\Users\OMKARS~1\AppData\Local\Temp\xcAsi0k.0\driver_tmp_3.o \
  --defsym=__MPLAB_BUILD=1 --fixupoverflow=error \
  -Mdist/default/production/ECU_02.X.production.map \
  --md=C:\Users\OMKARS~1\AppData\Local\Temp\xcAsi0k.0\driver_tmp_0.dat -E1 \
  -ver=XC8 Compiler -ACODE=00h-03000h -ACONST=00h-03000h \
  -ASMALLCONST=0600h-06FFhx42,03000h-03000h -AMEDIUMCONST=0600h-03000h \
  -ACOMRAM=01h-05Fh -AABS1=00h-05FFh -ABIGRAM=01h-05FFh \
  -ARAM=060h-0FFh,0100h-01FFhx5 -ABANK0=060h-0FFh -ABANK1=0100h-01FFh \
  -ABANK2=0200h-02FFh -ABANK3=0300h-03FFh -ABANK4=0400h-04FFh \
  -ABANK5=0500h-05FFh -ASFR=0D00h-0DFFhx2,0F00h-0F5Fh,0F60h-0FFFh \
  -ABIGSFR=0D00h-0FFFh -ACONFIG=0300000h-030000Dh -AIDLOC=0200000h-0200007h \
  -AEEDATA=0F00000h-0F000FFh -peeprom_data=EEDATA \
  -preset_vec=00h,intcode=8h,intcodelo=18h,sivt_lo,sivt_hi=CODE \
  -ppowerup=CODE,init -pramtop=0600h -psmallconst=SMALLCONST \
  -pmediumconst=MEDIUMCONST -pconst=CONST -AFARRAM=00h-00h \
  -prdata=COMRAM,nvrram=COMRAM,nvbit=COMRAM,rbss=COMRAM,rbit=COMRAM \
  -pfarbss=FARRAM,fardata=FARRAM,nvFARRAM=FARRAM \
  -pintsave_regs=BIGRAM,bigbss=BIGRAM,bigdata=BIGRAM -pbss=RAM \
  -pidata=CODE,irdata=CODE,ibigdata=CODE,ifardata=CODE -prparam=COMRAM \
  C:\Users\OMKARS~1\AppData\Local\Temp\xcAsi0k.0\driver_tmp_9.o \
  dist/default/production\ECU_02.X.production.o 

Object code version is 3.11

Machine type is 18F4580



                Name                               Link     Load   Length Selector   Space Scale
C:\Users\OMKARS~1\AppData\Local\Temp\xcAsi0k.0\driver_tmp_9.o
                idloc                            200000   200000        8        0       5
                config                           300000   300000        E        0       4
                init                               2FFC     2FFC        4     17FE       0
                reset_vec                             0        0        4        0       0
dist/default/production\ECU_02.X.production.o
                idloc                            200000   200000        8        0       5
                config                           300000   300000        E        0       4
                smallconst                          600      600        2      300       0
                text21                              A28      A28      38E      301       0
                text20                              602      602      426      301       0
                text19                             1242     1242      106      301       0
                text18                             144C     144C       72      301       0
                text17                             1590     1590       64      301       0
                text16                              DB6      DB6      1B4      301       0
                text15                             1708     1708       3A      301       0
                text14                             1348     1348       90      301       0
                text13                             16CC     16CC       3C      301       0
                text12                             14BE     14BE       6E      301       0
                text11                             152C     152C       64      301       0
                text10                             164A     164A       46      301       0
                text9                               F6A      F6A      188      301       0
                text8                              1742     1742       1C      301       0
                text7                              1690     1690       3C      301       0
                text6                              17AC     17AC        8      301       0
                text5                              17A2     17A2        A      301       0
                text4                              1788     1788       10      301       0
                text3                              175E     175E       16      301       0
                text2                              13D8     13D8       74      301       0
                text1                              10F2     10F2      150      301       0
                text0                              1774     1774       14      301       0
                cstackCOMRAM                          1        1       4C        1       1
                dataBANK0                            70       70        A       60       1
                bssBANK0                             60       60       10       60       1
                dataCOMRAM                           5E       5E        2        1       1
                bssCOMRAM                            4D       4D       11        1       1
                cinit                              15F4     15F4       56      301       0
                idataBANK0                         1798     1798        A      301       0
                idataCOMRAM                        17B4     17B4        2      301       0

TOTAL           Name                               Link     Load   Length     Space
        CLASS   CODE           
                init                               2FFC     2FFC        4         0
                reset_vec                             0        0        4         0
                text21                              A28      A28      38E         0
                text20                              602      602      426         0
                text19                             1242     1242      106         0
                text18                             144C     144C       72         0
                text17                             1590     1590       64         0
                text16                              DB6      DB6      1B4         0
                text15                             1708     1708       3A         0
                text14                             1348     1348       90         0
                text13                             16CC     16CC       3C         0
                text12                             14BE     14BE       6E         0
                text11                             152C     152C       64         0
                text10                             164A     164A       46         0
                text9                               F6A      F6A      188         0
                text8                              1742     1742       1C         0
                text7                              1690     1690       3C         0
                text6                              17AC     17AC        8         0
                text5                              17A2     17A2        A         0
                text4                              1788     1788       10         0
                text3                              175E     175E       16         0
                text2                              13D8     13D8       74         0
                text1                              10F2     10F2      150         0
                text0                              1774     1774       14         0
                cinit                              15F4     15F4       56         0
                idataBANK0                         1798     1798        A         0
                idataCOMRAM                        17B4     17B4        2         0

        CLASS   CONST          

        CLASS   SMALLCONST     
                smallconst                          600      600        2         0

        CLASS   MEDIUMCONST    

        CLASS   COMRAM         
                cstackCOMRAM                          1        1       4C         1
                dataCOMRAM                           5E       5E        2         1
                bssCOMRAM                            4D       4D       11         1

        CLASS   ABS1           

        CLASS   BIGRAM         

        CLASS   RAM            

        CLASS   BANK0          
                dataBANK0                            70       70        A         1
                bssBANK0                             60       60       10         1

        CLASS   BANK1          

        CLASS   BANK2          

        CLASS   BANK3          

        CLASS   BANK4          

        CLASS   BANK5          

        CLASS   SFR            

        CLASS   BIGSFR         

        CLASS   CONFIG         
                config                           300000   300000        E         4

        CLASS   IDLOC          
                idloc                            200000   200000        8         5

        CLASS   EEDATA         

        CLASS   FARRAM         

        CLASS   HEAP           

        CLASS   STACK          



SEGMENTS        Name                           Load    Length   Top    Selector   Space  Class

                reset_vec                      000000  000004  000004         0       0  CODE    
                cstackCOMRAM                   000001  00005F  000060         1       1  COMRAM  
                bssBANK0                       000060  00001A  00007A        60       1  BANK0   
                smallconst                     000600  000002  000602       300       0  SMALLCON
                text20                         000602  0011B4  0017B6       301       0  CODE    
                init                           002FFC  000004  003000      17FE       0  CODE    


UNUSED ADDRESS RANGES

        Name                Unused          Largest block    Delta
        BANK0            00007A-0000FF               86
        BANK1            000100-0001FF              100
        BANK2            000200-0002FF              100
        BANK3            000300-0003FF              100
        BANK4            000400-0004FF              100
        BANK5            000500-0005FF              100
        BIGRAM           00007A-0005FF              586
        BIGSFR           000D00-000FFF              300
        CODE             000004-0005FF              5FC
                         0017B6-002FFB             1846
                         003000-003000                1
        CONST            000004-0005FF              5FC
                         0017B6-002FFB             1846
                         003000-003000                1
        EEDATA           F00000-F000FF              100
        MEDIUMCONST      0017B6-002FFB             1846
                         003000-003000                1
        RAM              00007A-0005FF              100
        SFR              000D00-000FFF              100
        SMALLCONST       0017B6-002FFB              100
                         003000-003000                1

                                  Symbol Table

?___fldiv                          cstackCOMRAM 00000F
?___flmul                          cstackCOMRAM 000028
?___fltol                          cstackCOMRAM 000041
?___lwdiv                          cstackCOMRAM 000001
?___lwmod                          cstackCOMRAM 000008
?___xxtofl                         cstackCOMRAM 000001
?_get_msg_id_std                   cstackCOMRAM 000001
?_read_adc                         cstackCOMRAM 000001
_ACQT0                             (abs)        007E03
_ACQT1                             (abs)        007E04
_ACQT2                             (abs)        007E05
_ADCON0                            (abs)        000FC2
_ADCS0                             (abs)        007E00
_ADCS1                             (abs)        007E01
_ADCS2                             (abs)        007E02
_ADFM                              (abs)        007E07
_ADON                              (abs)        007E10
_ADRESH                            (abs)        000FC4
_ADRESL                            (abs)        000FC3
_BRG16                             (abs)        007DC3
_BRGCON1                           (abs)        000F70
_BRGCON2                           (abs)        000F71
_BRGCON3                           (abs)        000F72
_BRGH                              (abs)        007D62
_CANCON                            (abs)        000F6F
_CANSTAT                           (abs)        000F6E
_CREN                              (abs)        007D5C
_ECANCON                           (abs)        000F77
_GO                                (abs)        007E11
_GODONE                            (abs)        007E11
_INTCON2bits                       (abs)        000FF1
_PORTA                             (abs)        000F80
_PORTB                             (abs)        000F81
_PORTBbits                         (abs)        000F81
_PORTC                             (abs)        000F82
_PORTD                             (abs)        000F83
_RC0                               (abs)        007C10
_RC1                               (abs)        007C11
_RC2                               (abs)        007C12
_RCIF                              (abs)        007CF5
_RCREG                             (abs)        000FAE
_RD7                               (abs)        007C1F
_RX9                               (abs)        007D5E
_RXB0CON                           (abs)        000F60
_RXB0CONbits                       (abs)        000F60
_RXB0D0                            (abs)        000F66
_RXB0DLC                           (abs)        000F65
_RXB0FUL                           (abs)        007B07
_RXB0IF                            (abs)        007D20
_RXB0SIDH                          (abs)        000F61
_RXB0SIDL                          (abs)        000F62
_RXFCON0                           (abs)        000DD4
_SENDB                             (abs)        007D63
_SPBRG                             (abs)        000FAF
_SPEN                              (abs)        007D5F
_SYNC                              (abs)        007D64
_TRISA                             (abs)        000F92
_TRISB                             (abs)        000F93
_TRISB0                            (abs)        007C98
_TRISB1                            (abs)        007C99
_TRISB2                            (abs)        007C9A
_TRISB3                            (abs)        007C9B
_TRISB6                            (abs)        007C9E
_TRISB7                            (abs)        007C9F
_TRISC                             (abs)        000F94
_TRISC6                            (abs)        007CA6
_TRISC7                            (abs)        007CA7
_TRISD                             (abs)        000F95
_TRISD7                            (abs)        007CAF
_TX9                               (abs)        007D66
_TXB0D0                            (abs)        000F46
_TXB0DLC                           (abs)        000F45
_TXB0EIDH                          (abs)        000F43
_TXB0EIDL                          (abs)        000F44
_TXB0REQ                           (abs)        007A03
_TXB0SIDH                          (abs)        000F41
_TXB0SIDL                          (abs)        000F42
_TXEN                              (abs)        007D65
_TXIF                              (abs)        007CF4
_TXREG                             (abs)        000FAD
_VCFG0                             (abs)        007E0C
_VCFG1                             (abs)        007E0D
__HRAM                             (abs)        000000
__H__absolute__                    __absolute__ 000000
__Habs1                            abs1         000000
__Hbank0                           bank0        000000
__Hbank1                           bank1        000000
__Hbank2                           bank2        000000
__Hbank3                           bank3        000000
__Hbank4                           bank4        000000
__Hbank5                           bank5        000000
__Hbigbss                          bigbss       000000
__Hbigdata                         bigdata      000000
__Hbigram                          bigram       000000
__Hbigsfr                          bigsfr       000000
__Hbss                             bss          000000
__HbssBANK0                        bssBANK0     000000
__HbssCOMRAM                       bssCOMRAM    000000
__Hcinit                           cinit        000000
__Hclrtext                         clrtext      000000
__Hcomram                          comram       000000
__Hconfig                          config       30000E
__Hconst                           const        000000
__HcstackCOMRAM                    cstackCOMRAM 000000
__Hdata                            data         000000
__HdataBANK0                       dataBANK0    000000
__HdataCOMRAM                      dataCOMRAM   000000
__Heeprom_data                     eeprom_data  000000
__Hfarbss                          farbss       000000
__Hfardata                         fardata      000000
__Hheap                            heap         000000
__Hibigdata                        ibigdata     000000
__Hidata                           idata        000000
__HidataBANK0                      idataBANK0   000000
__HidataCOMRAM                     idataCOMRAM  000000
__Hidloc                           idloc        200008
__Hifardata                        ifardata     000000
__Hinit                            init         003000
__Hintcode                         intcode      000008
__Hintcode_body                    intcode_body 000000
__Hintcodelo                       intcodelo    000018
__Hintentry                        intentry     000000
__Hintret                          intret       000000
__Hintsave_regs                    intsave_regs 000000
__Hirdata                          irdata       000000
__Hmediumconst                     mediumconst  000000
__HnvFARRAM                        nvFARRAM     000000
__Hnvbit                           nvbit        000000
__Hnvrram                          nvrram       000000
__Hparam                           rparam       000000
__Hpowerup                         powerup      000000
__Hram                             ram          000000
__Hramtop                          ramtop       000600
__Hrbit                            rbit         000000
__Hrbss                            rbss         000000
__Hrdata                           rdata        000000
__Hreset_vec                       reset_vec    000004
__Hrparam                          rparam       000000
__Hsfr                             sfr          000000
__Hsivt_hi                         sivt_hi      000000
__Hsivt_lo                         sivt_lo      000018
__Hsmallconst                      smallconst   000602
__Hspace_0                         (abs)        003000
__Hspace_1                         (abs)        00007A
__Hspace_2                         (abs)        000000
__Hspace_4                         (abs)        60000E
__Hstack                           stack        000000
__Hstruct                          struct       000000
__Htemp                            temp         000000
__Htext                            text         000000
__Htext0                           text0        000000
__Htext1                           text1        000000
__Htext10                          text10       000000
__Htext11                          text11       000000
__Htext12                          text12       000000
__Htext13                          text13       000000
__Htext14                          text14       000000
__Htext15                          text15       000000
__Htext16                          text16       000000
__Htext17                          text17       000000
__Htext18                          text18       000000
__Htext19                          text19       000000
__Htext2                           text2        000000
__Htext20                          text20       000000
__Htext21                          text21       000000
__Htext3                           text3        000000
__Htext4                           text4        000000
__Htext5                           text5        000000
__Htext6                           text6        000000
__Htext7                           text7        000000
__Htext8                           text8        000000
__Htext9                           text9        000000
__LRAM                             (abs)        000001
__L__absolute__                    __absolute__ 000000
__Labs1                            abs1         000000
__Lbank0                           bank0        000000
__Lbank1                           bank1        000000
__Lbank2                           bank2        000000
__Lbank3                           bank3        000000
__Lbank4                           bank4        000000
__Lbank5                           bank5        000000
__Lbigbss                          bigbss       000000
__Lbigdata                         bigdata      000000
__Lbigram                          bigram       000000
__Lbigsfr                          bigsfr       000000
__Lbss                             bss          000000
__LbssBANK0                        bssBANK0     000000
__LbssCOMRAM                       bssCOMRAM    000000
__Lcinit                           cinit        000000
__Lclrtext                         clrtext      000000
__Lcomram                          comram       000000
__Lconfig                          config       000000
__Lconst                           const        000000
__LcstackCOMRAM                    cstackCOMRAM 000000
__Ldata                            data         000000
__LdataBANK0                       dataBANK0    000000
__LdataCOMRAM                      dataCOMRAM   000000
__Leeprom_data                     eeprom_data  000000
__Lfarbss                          farbss       000000
__Lfardata                         fardata      000000
__Lheap                            heap         000000
__Libigdata                        ibigdata     000000
__Lidata                           idata        000000
__LidataBANK0                      idataBANK0   000000
__LidataCOMRAM                     idataCOMRAM  000000
__Lidloc                           idloc        000000
__Lifardata                        ifardata     000000
__Linit                            init         002FFC
__Lintcode                         intcode      000008
__Lintcode_body                    intcode_body 000000
__Lintcodelo                       intcodelo    000018
__Lintentry                        intentry     000000
__Lintret                          intret       000000
__Lintsave_regs                    intsave_regs 000000
__Lirdata                          irdata       000000
__Lmediumconst                     mediumconst  000000
__LnvFARRAM                        nvFARRAM     000000
__Lnvbit                           nvbit        000000
__Lnvrram                          nvrram       000000
__Lparam                           rparam       000000
__Lpowerup                         powerup      000000
__Lram                             ram          000000
__Lramtop                          ramtop       000600
__Lrbit                            rbit         000000
__Lrbss                            rbss         000000
__Lrdata                           rdata        000000
__Lreset_vec                       reset_vec    000000
__Lrparam                          rparam       000000
__Lsfr                             sfr          000000
__Lsivt_hi                         sivt_hi      000000
__Lsivt_lo                         sivt_lo      000018
__Lsmallconst                      smallconst   000600
__Lspace_0                         (abs)        000000
__Lspace_1                         (abs)        000000
__Lspace_2                         (abs)        000000
__Lspace_4                         (abs)        000000
__Lstack                           stack        000000
__Lstruct                          struct       000000
__Ltemp                            temp         000000
__Ltext                            text         000000
__Ltext0                           text0        000000
__Ltext1                           text1        000000
__Ltext10                          text10       000000
__Ltext11                          text11       000000
__Ltext12                          text12       000000
__Ltext13                          text13       000000
__Ltext14                          text14       000000
__Ltext15                          text15       000000
__Ltext16                          text16       000000
__Ltext17                          text17       000000
__Ltext18                          text18       000000
__Ltext19                          text19       000000
__Ltext2                           text2        000000
__Ltext20                          text20       000000
__Ltext21                          text21       000000
__Ltext3                           text3        000000
__Ltext4                           text4        000000
__Ltext5                           text5        000000
__Ltext6                           text6        000000
__Ltext7                           text7        000000
__Ltext8                           text8        000000
__Ltext9                           text9        000000
__S0                               (abs)        003000
__S1                               (abs)        00007A
__S4                               (abs)        000000
__S5                               (abs)        000000
___fldiv                           text21       000A28
___fldiv@a                         cstackCOMRAM 000013
___fldiv@aexp                      cstackCOMRAM 000027
___fldiv@b                         cstackCOMRAM 00000F
___fldiv@bexp                      cstackCOMRAM 000026
___fldiv@grs                       cstackCOMRAM 000022
___fldiv@new_exp                   cstackCOMRAM 000020
___fldiv@rem                       cstackCOMRAM 00001B
___fldiv@sign                      cstackCOMRAM 00001F
___flmul                           text20       000602
___flmul@a                         cstackCOMRAM 00002C
___flmul@aexp                      cstackCOMRAM 000039
___flmul@b                         cstackCOMRAM 000028
___flmul@bexp                      cstackCOMRAM 00003A
___flmul@grs                       cstackCOMRAM 000035
___flmul@prod                      cstackCOMRAM 00003B
___flmul@sign                      cstackCOMRAM 000034
___flmul@temp                      cstackCOMRAM 00003F
___fltol                           text19       001242
___fltol@exp1                      cstackCOMRAM 00004A
___fltol@f1                        cstackCOMRAM 000041
___fltol@sign1                     cstackCOMRAM 000049
___heap_hi                         (abs)        000000
___heap_lo                         (abs)        000000
___inthi_sp                        stack        000000
___inthi_stack_hi                  stack        000000
___inthi_stack_lo                  stack        000000
___intlo_sp                        stack        000000
___intlo_stack_hi                  stack        000000
___intlo_stack_lo                  stack        000000
___lwdiv                           text18       00144C
___lwdiv@counter                   cstackCOMRAM 000007
___lwdiv@dividend                  cstackCOMRAM 000001
___lwdiv@divisor                   cstackCOMRAM 000003
___lwdiv@quotient                  cstackCOMRAM 000005
___lwmod                           text17       001590
___lwmod@counter                   cstackCOMRAM 00000C
___lwmod@dividend                  cstackCOMRAM 000008
___lwmod@divisor                   cstackCOMRAM 00000A
___param_bank                      (abs)        000000
___rparam_used                     (abs)        000001
___sp                              stack        000000
___stack_hi                        stack        000000
___stack_lo                        stack        000000
___xxtofl                          text16       000DB6
___xxtofl@arg                      cstackCOMRAM 00000B
___xxtofl@exp                      cstackCOMRAM 00000A
___xxtofl@sign                     cstackCOMRAM 000009
___xxtofl@val                      cstackCOMRAM 000001
__accesstop                        (abs)        000060
__activetblptr                     (abs)        000000
__end_of___fldiv                   text21       000DB6
__end_of___flmul                   text20       000A28
__end_of___fltol                   text19       001348
__end_of___lwdiv                   text18       0014BE
__end_of___lwmod                   text17       0015F4
__end_of___xxtofl                  text16       000F6A
__end_of__initialization           cinit        001644
__end_of_can_receive               text14       0013D8
__end_of_can_transmit              text12       00152C
__end_of_display                   text11       001590
__end_of_get_msg_id_std            text15       001742
__end_of_get_rpm                   text9        0010F2
__end_of_init_adc                  text8        00175E
__end_of_init_can                  text7        0016CC
__end_of_init_config               text3        001774
__end_of_init_digital_keypad       text6        0017B4
__end_of_init_led                  text5        0017AC
__end_of_init_ssd_control          text4        001798
__end_of_main                      text0        001788
__end_of_process_indicator         text1        001242
__end_of_read_adc                  text10       001690
__end_of_read_digital_keypad       text2        00144C
__end_of_set_msg_id_std            text13       001708
__initialization                   cinit        0015F4
__mediumconst                      smallconst   000600
__pbssBANK0                        bssBANK0     000060
__pbssCOMRAM                       bssCOMRAM    00004D
__pcinit                           cinit        0015F4
__pcstackCOMRAM                    cstackCOMRAM 000001
__pdataBANK0                       dataBANK0    000070
__pdataCOMRAM                      dataCOMRAM   00005E
__pidataBANK0                      idataBANK0   001798
__pidataCOMRAM                     idataCOMRAM  0017B4
__psmallconst                      smallconst   000600
__ptext0                           text0        001774
__ptext1                           text1        0010F2
__ptext10                          text10       00164A
__ptext11                          text11       00152C
__ptext12                          text12       0014BE
__ptext13                          text13       0016CC
__ptext14                          text14       001348
__ptext15                          text15       001708
__ptext16                          text16       000DB6
__ptext17                          text17       001590
__ptext18                          text18       00144C
__ptext19                          text19       001242
__ptext2                           text2        0013D8
__ptext20                          text20       000602
__ptext21                          text21       000A28
__ptext3                           text3        00175E
__ptext4                           text4        001788
__ptext5                           text5        0017A2
__ptext6                           text6        0017AC
__ptext7                           text7        001690
__ptext8                           text8        001742
__ptext9                           text9        000F6A
__ramtop                           ramtop       000600
__smallconst                       smallconst   000600
_adc_val                           bssCOMRAM    00004F
_can_receive                       text14       001348
_can_transmit                      text12       0014BE
_count_l                           bssCOMRAM    000051
_count_r                           bssCOMRAM    000053
_digit                             dataBANK0    000070
_display                           text11       00152C
_get_msg_id_std                    text15       001708
_get_rpm                           text9        000F6A
_ind_len                           bssCOMRAM    00005A
_ind_msg_id                        bssBANK0     00006E
_ind_rx                            bssCOMRAM    00005B
_ind_tx                            bssCOMRAM    00005C
_init_adc                          text8        001742
_init_can                          text7        001690
_init_config                       text3        00175E
_init_digital_keypad               text6        0017AC
_init_led                          text5        0017A2
_init_ssd_control                  text4        001788
_key                               bssCOMRAM    000057
_main                              text0        001774
_once                              dataCOMRAM   00005E
_process_indicator                 text1        0010F2
_read_adc                          text10       00164A
_read_digital_keypad               text2        0013D8
_rpm                               bssCOMRAM    00004D
_rpm_arr                           bssBANK0     000065
_rpm_len                           bssCOMRAM    00005D
_rpm_msg_id                        bssCOMRAM    000058
_rpm_rec                           bssBANK0     000060
_set_msg_id_std                    text13       0016CC
_ssd                               bssBANK0     00006A
_status                            bssCOMRAM    000056
_status_rx                         bssCOMRAM    000055
can_receive@data                   cstackCOMRAM 00000A
can_receive@i                      cstackCOMRAM 000011
can_receive@len                    cstackCOMRAM 00000B
can_receive@msg_id                 cstackCOMRAM 000009
can_receive@ptr                    cstackCOMRAM 00000F
can_transmit@data                  cstackCOMRAM 000007
can_transmit@i                     cstackCOMRAM 00000E
can_transmit@len                   cstackCOMRAM 000008
can_transmit@msg_id                cstackCOMRAM 000005
can_transmit@ptr                   cstackCOMRAM 00000C
display@data                       cstackCOMRAM 000001
display@digit                      cstackCOMRAM 000006
display@wait                       cstackCOMRAM 000004
end_of_initialization              cinit        001644
get_msg_id_std@id                  cstackCOMRAM 000007
intlevel0                          text         000000
intlevel1                          text         000000
intlevel2                          text         000000
intlevel3                          text         000000
isa$std                            (abs)        000001
isa$xinst                          (abs)        000000
read_adc@channel                   cstackCOMRAM 000007
read_adc@reg_val                   cstackCOMRAM 000005
read_digital_keypad@detection_type cstackCOMRAM 000001
read_digital_keypad@once           dataCOMRAM   00005F
set_msg_id_std@id                  cstackCOMRAM 000001
stackhi                            (abs)        000000
stacklo                            (abs)        000000
start                              init         002FFC
start_initialization               cinit        0015F4


MODULE INFORMATION

Module		Function		Class		Link	Load	Size
ecu2_sensor.c
		_process_indicator		CODE           	10F2	0000	336
		_get_rpm       		CODE           	0F6A	0000	392

ecu2_sensor.c estimated size: 728

digital_keypad.c
		_init_digital_keypad		CODE           	17AC	0000	8
		_read_digital_keypad		CODE           	13D8	0000	116

digital_keypad.c estimated size: 124

C:\Program Files\Microchip\xc8\v3.10\pic\sources\c99\common\lwmod.c
		___lwmod       		CODE           	1590	0000	100

C:\Program Files\Microchip\xc8\v3.10\pic\sources\c99\common\lwmod.c estimated size: 100

ecu2_main.c
		_init_led      		CODE           	17A2	0000	10
		_main          		CODE           	1774	0000	20
		_init_config   		CODE           	175E	0000	22

ecu2_main.c estimated size: 52

ssd_display.c
		_display       		CODE           	152C	0000	100
		_init_ssd_control		CODE           	1788	0000	16

ssd_display.c estimated size: 116

C:\Program Files\Microchip\xc8\v3.10\pic\sources\c99\common\lwdiv.c
		___lwdiv       		CODE           	144C	0000	114

C:\Program Files\Microchip\xc8\v3.10\pic\sources\c99\common\lwdiv.c estimated size: 114

adc.c
		_init_adc      		CODE           	1742	0000	28
		_read_adc      		CODE           	164A	0000	70

adc.c estimated size: 98

C:\Program Files\Microchip\xc8\v3.10\pic\sources\c99\common\fltol.c
		___fltol       		CODE           	1242	0000	262

C:\Program Files\Microchip\xc8\v3.10\pic\sources\c99\common\fltol.c estimated size: 262

C:\Program Files\Microchip\xc8\v3.10\pic\sources\c99\common\sprcmul.c
		___flmul       		CODE           	0602	0000	1062

C:\Program Files\Microchip\xc8\v3.10\pic\sources\c99\common\sprcmul.c estimated size: 1062

C:\Program Files\Microchip\xc8\v3.10\pic\sources\c99\common\xxtofl.c
		___xxtofl      		CODE           	0DB6	0000	436

C:\Program Files\Microchip\xc8\v3.10\pic\sources\c99\common\xxtofl.c estimated size: 436

C:\Program Files\Microchip\xc8\v3.10\pic\sources\c99\common\sprcdiv.c
		___fldiv       		CODE           	0A28	0000	910

C:\Program Files\Microchip\xc8\v3.10\pic\sources\c99\common\sprcdiv.c estimated size: 910

shared
		__initialization		CODE           	15F4	0000	80

shared estimated size: 80

can.c
		_set_msg_id_std		CODE           	16CC	0000	60
		_can_transmit  		CODE           	14BE	0000	110
		_init_can      		CODE           	1690	0000	60
		_can_receive   		CODE           	1348	0000	144
		_get_msg_id_std		CODE           	1708	0000	58

can.c estimated size: 432

